actor=absent => coherent
actor=absent+auditonly => coherent
actor=absent+auditonly+authorizedby => authorized-by-missing-on-behalf-of
actor=absent+auditonly+authorizedby+force => authorized-by-missing-on-behalf-of
actor=absent+auditonly+authorizedby+force+onbehalfof => force-with-on-behalf-of
actor=absent+auditonly+authorizedby+force+onbehalfof+principal => principal-requires-non-human-actor
actor=absent+auditonly+authorizedby+force+principal => authorized-by-missing-on-behalf-of
actor=absent+auditonly+authorizedby+onbehalfof => coherent
actor=absent+auditonly+authorizedby+onbehalfof+principal => principal-requires-non-human-actor
actor=absent+auditonly+authorizedby+principal => authorized-by-missing-on-behalf-of
actor=absent+auditonly+force => audit-only-with-force
actor=absent+auditonly+force+onbehalfof => on-behalf-of-missing-authorized-by
actor=absent+auditonly+force+onbehalfof+principal => on-behalf-of-missing-authorized-by
actor=absent+auditonly+force+principal => principal-requires-non-human-actor
actor=absent+auditonly+onbehalfof => on-behalf-of-missing-authorized-by
actor=absent+auditonly+onbehalfof+principal => on-behalf-of-missing-authorized-by
actor=absent+auditonly+principal => principal-requires-non-human-actor
actor=absent+authorizedby => authorized-by-missing-on-behalf-of
actor=absent+authorizedby+force => authorized-by-missing-on-behalf-of
actor=absent+authorizedby+force+onbehalfof => force-with-on-behalf-of
actor=absent+authorizedby+force+onbehalfof+principal => principal-requires-non-human-actor
actor=absent+authorizedby+force+principal => authorized-by-missing-on-behalf-of
actor=absent+authorizedby+onbehalfof => coherent
actor=absent+authorizedby+onbehalfof+principal => principal-requires-non-human-actor
actor=absent+authorizedby+principal => authorized-by-missing-on-behalf-of
actor=absent+force => coherent
actor=absent+force+onbehalfof => on-behalf-of-missing-authorized-by
actor=absent+force+onbehalfof+principal => on-behalf-of-missing-authorized-by
actor=absent+force+principal => principal-requires-non-human-actor
actor=absent+onbehalfof => on-behalf-of-missing-authorized-by
actor=absent+onbehalfof+principal => on-behalf-of-missing-authorized-by
actor=absent+principal => principal-requires-non-human-actor
actor=human => coherent
actor=human+auditonly => coherent
actor=human+auditonly+authorizedby => authorized-by-missing-on-behalf-of
actor=human+auditonly+authorizedby+force => authorized-by-missing-on-behalf-of
actor=human+auditonly+authorizedby+force+onbehalfof => on-behalf-of-forbidden-for-human-actor
actor=human+auditonly+authorizedby+force+onbehalfof+principal => principal-requires-non-human-actor
actor=human+auditonly+authorizedby+force+principal => authorized-by-missing-on-behalf-of
actor=human+auditonly+authorizedby+onbehalfof => on-behalf-of-forbidden-for-human-actor
actor=human+auditonly+authorizedby+onbehalfof+principal => principal-requires-non-human-actor
actor=human+auditonly+authorizedby+principal => authorized-by-missing-on-behalf-of
actor=human+auditonly+force => audit-only-with-force
actor=human+auditonly+force+onbehalfof => on-behalf-of-missing-authorized-by
actor=human+auditonly+force+onbehalfof+principal => on-behalf-of-missing-authorized-by
actor=human+auditonly+force+principal => principal-requires-non-human-actor
actor=human+auditonly+onbehalfof => on-behalf-of-missing-authorized-by
actor=human+auditonly+onbehalfof+principal => on-behalf-of-missing-authorized-by
actor=human+auditonly+principal => principal-requires-non-human-actor
actor=human+authorizedby => authorized-by-missing-on-behalf-of
actor=human+authorizedby+force => authorized-by-missing-on-behalf-of
actor=human+authorizedby+force+onbehalfof => on-behalf-of-forbidden-for-human-actor
actor=human+authorizedby+force+onbehalfof+principal => principal-requires-non-human-actor
actor=human+authorizedby+force+principal => authorized-by-missing-on-behalf-of
actor=human+authorizedby+onbehalfof => on-behalf-of-forbidden-for-human-actor
actor=human+authorizedby+onbehalfof+principal => principal-requires-non-human-actor
actor=human+authorizedby+principal => authorized-by-missing-on-behalf-of
actor=human+force => coherent
actor=human+force+onbehalfof => on-behalf-of-missing-authorized-by
actor=human+force+onbehalfof+principal => on-behalf-of-missing-authorized-by
actor=human+force+principal => principal-requires-non-human-actor
actor=human+onbehalfof => on-behalf-of-missing-authorized-by
actor=human+onbehalfof+principal => on-behalf-of-missing-authorized-by
actor=human+principal => principal-requires-non-human-actor
actor=nonhuman => principal-missing-for-non-human-actor
actor=nonhuman+auditonly => principal-missing-for-non-human-actor
actor=nonhuman+auditonly+authorizedby => authorized-by-missing-on-behalf-of
actor=nonhuman+auditonly+authorizedby+force => authorized-by-missing-on-behalf-of
actor=nonhuman+auditonly+authorizedby+force+onbehalfof => principal-missing-for-non-human-actor
actor=nonhuman+auditonly+authorizedby+force+onbehalfof+principal => force-non-human
actor=nonhuman+auditonly+authorizedby+force+principal => authorized-by-missing-on-behalf-of
actor=nonhuman+auditonly+authorizedby+onbehalfof => principal-missing-for-non-human-actor
actor=nonhuman+auditonly+authorizedby+onbehalfof+principal => audit-only-non-human
actor=nonhuman+auditonly+authorizedby+principal => authorized-by-missing-on-behalf-of
actor=nonhuman+auditonly+force => principal-missing-for-non-human-actor
actor=nonhuman+auditonly+force+onbehalfof => on-behalf-of-missing-authorized-by
actor=nonhuman+auditonly+force+onbehalfof+principal => on-behalf-of-missing-authorized-by
actor=nonhuman+auditonly+force+principal => force-non-human
actor=nonhuman+auditonly+onbehalfof => on-behalf-of-missing-authorized-by
actor=nonhuman+auditonly+onbehalfof+principal => on-behalf-of-missing-authorized-by
actor=nonhuman+auditonly+principal => audit-only-non-human
actor=nonhuman+authorizedby => authorized-by-missing-on-behalf-of
actor=nonhuman+authorizedby+force => authorized-by-missing-on-behalf-of
actor=nonhuman+authorizedby+force+onbehalfof => principal-missing-for-non-human-actor
actor=nonhuman+authorizedby+force+onbehalfof+principal => force-non-human
actor=nonhuman+authorizedby+force+principal => authorized-by-missing-on-behalf-of
actor=nonhuman+authorizedby+onbehalfof => principal-missing-for-non-human-actor
actor=nonhuman+authorizedby+onbehalfof+principal => coherent
actor=nonhuman+authorizedby+principal => authorized-by-missing-on-behalf-of
actor=nonhuman+force => principal-missing-for-non-human-actor
actor=nonhuman+force+onbehalfof => on-behalf-of-missing-authorized-by
actor=nonhuman+force+onbehalfof+principal => on-behalf-of-missing-authorized-by
actor=nonhuman+force+principal => force-non-human
actor=nonhuman+onbehalfof => on-behalf-of-missing-authorized-by
actor=nonhuman+onbehalfof+principal => on-behalf-of-missing-authorized-by
actor=nonhuman+principal => coherent
