actor=absent => coherent
actor=absent+principal => principal-requires-non-human-actor
actor=absent+onbehalfof => on-behalf-of-missing-authorized-by
actor=absent+principal+onbehalfof => on-behalf-of-missing-authorized-by
actor=absent+authorizedby => authorized-by-missing-on-behalf-of
actor=absent+principal+authorizedby => authorized-by-missing-on-behalf-of
actor=absent+onbehalfof+authorizedby => coherent
actor=absent+principal+onbehalfof+authorizedby => principal-requires-non-human-actor
actor=absent+force => coherent
actor=absent+principal+force => principal-requires-non-human-actor
actor=absent+onbehalfof+force => on-behalf-of-missing-authorized-by
actor=absent+principal+onbehalfof+force => on-behalf-of-missing-authorized-by
actor=absent+authorizedby+force => authorized-by-missing-on-behalf-of
actor=absent+principal+authorizedby+force => authorized-by-missing-on-behalf-of
actor=absent+onbehalfof+authorizedby+force => force-with-on-behalf-of
actor=absent+principal+onbehalfof+authorizedby+force => principal-requires-non-human-actor
actor=absent+auditonly => coherent
actor=absent+principal+auditonly => principal-requires-non-human-actor
actor=absent+onbehalfof+auditonly => on-behalf-of-missing-authorized-by
actor=absent+principal+onbehalfof+auditonly => on-behalf-of-missing-authorized-by
actor=absent+authorizedby+auditonly => authorized-by-missing-on-behalf-of
actor=absent+principal+authorizedby+auditonly => authorized-by-missing-on-behalf-of
actor=absent+onbehalfof+authorizedby+auditonly => coherent
actor=absent+principal+onbehalfof+authorizedby+auditonly => principal-requires-non-human-actor
actor=absent+force+auditonly => audit-only-with-force
actor=absent+principal+force+auditonly => principal-requires-non-human-actor
actor=absent+onbehalfof+force+auditonly => on-behalf-of-missing-authorized-by
actor=absent+principal+onbehalfof+force+auditonly => on-behalf-of-missing-authorized-by
actor=absent+authorizedby+force+auditonly => authorized-by-missing-on-behalf-of
actor=absent+principal+authorizedby+force+auditonly => authorized-by-missing-on-behalf-of
actor=absent+onbehalfof+authorizedby+force+auditonly => force-with-on-behalf-of
actor=absent+principal+onbehalfof+authorizedby+force+auditonly => principal-requires-non-human-actor
actor=human => coherent
actor=human+principal => principal-requires-non-human-actor
actor=human+onbehalfof => on-behalf-of-missing-authorized-by
actor=human+principal+onbehalfof => on-behalf-of-missing-authorized-by
actor=human+authorizedby => authorized-by-missing-on-behalf-of
actor=human+principal+authorizedby => authorized-by-missing-on-behalf-of
actor=human+onbehalfof+authorizedby => on-behalf-of-forbidden-for-human-actor
actor=human+principal+onbehalfof+authorizedby => principal-requires-non-human-actor
actor=human+force => coherent
actor=human+principal+force => principal-requires-non-human-actor
actor=human+onbehalfof+force => on-behalf-of-missing-authorized-by
actor=human+principal+onbehalfof+force => on-behalf-of-missing-authorized-by
actor=human+authorizedby+force => authorized-by-missing-on-behalf-of
actor=human+principal+authorizedby+force => authorized-by-missing-on-behalf-of
actor=human+onbehalfof+authorizedby+force => on-behalf-of-forbidden-for-human-actor
actor=human+principal+onbehalfof+authorizedby+force => principal-requires-non-human-actor
actor=human+auditonly => coherent
actor=human+principal+auditonly => principal-requires-non-human-actor
actor=human+onbehalfof+auditonly => on-behalf-of-missing-authorized-by
actor=human+principal+onbehalfof+auditonly => on-behalf-of-missing-authorized-by
actor=human+authorizedby+auditonly => authorized-by-missing-on-behalf-of
actor=human+principal+authorizedby+auditonly => authorized-by-missing-on-behalf-of
actor=human+onbehalfof+authorizedby+auditonly => on-behalf-of-forbidden-for-human-actor
actor=human+principal+onbehalfof+authorizedby+auditonly => principal-requires-non-human-actor
actor=human+force+auditonly => audit-only-with-force
actor=human+principal+force+auditonly => principal-requires-non-human-actor
actor=human+onbehalfof+force+auditonly => on-behalf-of-missing-authorized-by
actor=human+principal+onbehalfof+force+auditonly => on-behalf-of-missing-authorized-by
actor=human+authorizedby+force+auditonly => authorized-by-missing-on-behalf-of
actor=human+principal+authorizedby+force+auditonly => authorized-by-missing-on-behalf-of
actor=human+onbehalfof+authorizedby+force+auditonly => on-behalf-of-forbidden-for-human-actor
actor=human+principal+onbehalfof+authorizedby+force+auditonly => principal-requires-non-human-actor
actor=nonhuman => principal-missing-for-non-human-actor
actor=nonhuman+principal => coherent
actor=nonhuman+onbehalfof => on-behalf-of-missing-authorized-by
actor=nonhuman+principal+onbehalfof => on-behalf-of-missing-authorized-by
actor=nonhuman+authorizedby => authorized-by-missing-on-behalf-of
actor=nonhuman+principal+authorizedby => authorized-by-missing-on-behalf-of
actor=nonhuman+onbehalfof+authorizedby => principal-missing-for-non-human-actor
actor=nonhuman+principal+onbehalfof+authorizedby => coherent
actor=nonhuman+force => principal-missing-for-non-human-actor
actor=nonhuman+principal+force => force-non-human
actor=nonhuman+onbehalfof+force => on-behalf-of-missing-authorized-by
actor=nonhuman+principal+onbehalfof+force => on-behalf-of-missing-authorized-by
actor=nonhuman+authorizedby+force => authorized-by-missing-on-behalf-of
actor=nonhuman+principal+authorizedby+force => authorized-by-missing-on-behalf-of
actor=nonhuman+onbehalfof+authorizedby+force => principal-missing-for-non-human-actor
actor=nonhuman+principal+onbehalfof+authorizedby+force => force-non-human
actor=nonhuman+auditonly => principal-missing-for-non-human-actor
actor=nonhuman+principal+auditonly => audit-only-non-human
actor=nonhuman+onbehalfof+auditonly => on-behalf-of-missing-authorized-by
actor=nonhuman+principal+onbehalfof+auditonly => on-behalf-of-missing-authorized-by
actor=nonhuman+authorizedby+auditonly => authorized-by-missing-on-behalf-of
actor=nonhuman+principal+authorizedby+auditonly => authorized-by-missing-on-behalf-of
actor=nonhuman+onbehalfof+authorizedby+auditonly => principal-missing-for-non-human-actor
actor=nonhuman+principal+onbehalfof+authorizedby+auditonly => audit-only-non-human
actor=nonhuman+force+auditonly => principal-missing-for-non-human-actor
actor=nonhuman+principal+force+auditonly => force-non-human
actor=nonhuman+onbehalfof+force+auditonly => on-behalf-of-missing-authorized-by
actor=nonhuman+principal+onbehalfof+force+auditonly => on-behalf-of-missing-authorized-by
actor=nonhuman+authorizedby+force+auditonly => authorized-by-missing-on-behalf-of
actor=nonhuman+principal+authorizedby+force+auditonly => authorized-by-missing-on-behalf-of
actor=nonhuman+onbehalfof+authorizedby+force+auditonly => principal-missing-for-non-human-actor
actor=nonhuman+principal+onbehalfof+authorizedby+force+auditonly => force-non-human
