work/epics/E-01-orig/M-005-missing-parent.md:1: error frontmatter-shape: milestone missing required field: parent — hint: set the missing field, or correct the id format to match the kind's pattern
work/epics/E-01-orig/M-099-path-id-mismatch.md:2: error id-path-consistent: frontmatter id "M-0100" does not match path-encoded id "M-0099" — hint: renumber via `aiwf reallocate <path>` (rewrites both sides + updates references), rename the slug via `aiwf rename` if only the slug drifted, or correct the side that's wrong by hand if you're certain which
work/epics/E-01-orig/epic.md:2: error ids-unique: id "E-01" is also used by work/epics/E-01-dup/epic.md — hint: run `aiwf reallocate <path>` on one of the duplicates to renumber it
docs/adr/ADR-0001-supersedes-cycle-a.md:5: error no-cycles/supersedes: ADR ADR-0001 is on a supersedes/superseded_by cycle — hint: remove the loop in the supersedes/superseded_by chain
docs/adr/ADR-0002-supersedes-cycle-b.md:5: error no-cycles/supersedes: ADR ADR-0002 is on a supersedes/superseded_by cycle — hint: remove the loop in the supersedes/superseded_by chain
work/epics/E-01-orig/M-001-cycle-a.md:6: error no-cycles/depends_on: milestone M-001 is on a depends_on cycle — hint: remove one edge in the cycle to keep the milestone DAG acyclic
work/epics/E-01-orig/M-002-cycle-b.md:6: error no-cycles/depends_on: milestone M-002 is on a depends_on cycle — hint: remove one edge in the cycle to keep the milestone DAG acyclic
work/epics/E-01-orig/M-003-bad-status.md:5: error refs-resolve/unresolved: milestone field "parent" references unknown id "E-99" — hint: check the spelling, or remove the reference if the target was deleted
work/epics/E-01-orig/M-004-wrong-parent-kind.md:5: error refs-resolve/wrong-kind: milestone field "parent" expects kind in [epic], but "D-001" is decision — hint: use a reference of the expected kind
work/epics/E-01-orig/M-003-bad-status.md:4: error status-valid: status "bogus" is not allowed for kind milestone (allowed: draft, in_progress, done, cancelled) — hint: use one of the allowed statuses listed above
docs/adr/ADR-0001-supersedes-cycle-a.md:5: warning adr-supersession-mutual: ADR ADR-0001 claims it is superseded by ADR-0002, but ADR-0002.supersedes does not include ADR-0001 — hint: add this ADR to the other ADR's `supersedes:` list, or remove the back-reference
docs/adr/ADR-0002-supersedes-cycle-b.md:5: warning adr-supersession-mutual: ADR ADR-0002 claims it is superseded by ADR-0001, but ADR-0001.supersedes does not include ADR-0002 — hint: add this ADR to the other ADR's `supersedes:` list, or remove the back-reference
warning archive-sweep-pending: 3 terminal entities awaiting `aiwf archive --apply`. Set `archive.sweep_threshold` in aiwf.yaml to escalate to blocking past N — hint: run `aiwf archive --dry-run` to preview the sweep, then `aiwf archive --apply` to commit; the aggregate's count comes from the per-file `terminal-entity-not-archived` findings
work/epics/E-02-no-drafts/epic.md:4: warning epic-active-no-drafted-milestones: epic E-02 is active but has no milestones at status draft — hint: draft the next milestone with `aiwf add milestone --epic E-NN --tdd <policy> --title "..."`, or wrap the epic if all planned work is in flight or done — the rule is the start-epic preflight signal from G-0063
work/gaps/G-001-addressed-no-resolver.md:1: warning gap-resolved-has-resolver: gap is marked addressed but addressed_by and addressed_by_commit are both empty — hint: list the resolving milestone(s) in `addressed_by:` or commit SHA(s) in `addressed_by_commit:`, or revert the status to `open`/`wontfix`
docs/adr/ADR-0001-supersedes-cycle-a.md:4: warning terminal-entity-not-archived: entity ADR-0001 has terminal status "superseded" but file is still in the active tree; awaiting `aiwf archive --apply` sweep — hint: run `aiwf archive --dry-run` to preview the sweep, then `aiwf archive --apply` to commit the move; advisory until `archive.sweep_threshold` is set in aiwf.yaml
docs/adr/ADR-0002-supersedes-cycle-b.md:4: warning terminal-entity-not-archived: entity ADR-0002 has terminal status "superseded" but file is still in the active tree; awaiting `aiwf archive --apply` sweep — hint: run `aiwf archive --dry-run` to preview the sweep, then `aiwf archive --apply` to commit the move; advisory until `archive.sweep_threshold` is set in aiwf.yaml
work/gaps/G-001-addressed-no-resolver.md:4: warning terminal-entity-not-archived: entity G-001 has terminal status "addressed" but file is still in the active tree; awaiting `aiwf archive --apply` sweep — hint: run `aiwf archive --dry-run` to preview the sweep, then `aiwf archive --apply` to commit the move; advisory until `archive.sweep_threshold` is set in aiwf.yaml
work/epics/E-01-dup/epic.md:3: warning titles-nonempty: title is empty or whitespace-only — hint: set a non-empty `title:` in the frontmatter

19 findings (10 errors, 9 warnings)
