aiwf status — 2026-05-09

In flight
  E-0099 — Goldenfix epic for refactor parity    [active]
     ✓ M-0901 — Lay foundations    [done]
     → M-0902 — Wire the seam    [in_progress]    · ACs 2/3 met (1 open)    · tdd: required
     ○ M-0903 — Polish edges    [draft]

Roadmap
  E-0100 — Future work that hasn't started    [proposed]
     ○ M-0910 — First plan step    [draft]

Open decisions
  ADR-0901 — Adopt fictional convention    [proposed]
  D-0901 — Pick approach A or B    [proposed]

Open gaps
  G-0901 — Refactor leaves a seam    (discovered in M-0902)

Warnings
  gap-resolved-has-resolver  [G-0902]  gap is marked addressed but addressed_by is empty

Recent activity
  2026-05-09  human/golden      promote     aiwf promote M-902 in_progress
  2026-05-08  human/golden      add         aiwf add milestone M-903

Health
  11 entities · 0 errors · 1 warnings · run `aiwf check` for details
